   Compiling proc-macro2 v1.0.107
   Compiling quote v1.0.47
   Compiling unicode-ident v1.0.26
   Compiling libc v0.2.190
   Compiling serde_core v1.0.229
   Compiling syn v3.0.6
   Compiling serde v1.0.229
   Compiling jobserver v0.1.35
   Compiling shlex v2.0.1
   Compiling find-msvc-tools v0.1.14
   Compiling cc v1.6.0
   Compiling serde_derive v1.0.229
   Compiling pkg-config v0.3.34
   Compiling zstd-sys v2.1.0+zstd.1.5.7
   Compiling crossbeam-utils v0.8.23
   Compiling crunchy v0.2.4
   Compiling version_check v0.9.5
   Compiling cfg-if v1.0.5
   Compiling generic-array v0.14.7
   Compiling deranged v0.5.8
   Compiling strsim v0.11.1
   Compiling byteorder v1.5.0
   Compiling autocfg v1.5.1
   Compiling regex-syntax v0.8.11
   Compiling powerfmt v0.2.1
   Compiling num-conv v0.2.2
   Compiling zstd-safe v8.0.0
   Compiling stable_deref_trait v1.2.1
   Compiling ident_case v1.0.1
   Compiling time-core v0.1.9
   Compiling crossbeam-epoch v0.9.21
   Compiling time v0.3.55
   Compiling darling_core v0.24.1
   Compiling ownedbytes v0.9.0 (/home/pronsh/Coding/playground/search/tantivy-pr2937/ownedbytes)
   Compiling num-traits v0.2.19
   Compiling async-trait v0.1.92
   Compiling typeid v1.0.3
   Compiling either v1.18.0
   Compiling rustix v1.1.5
   Compiling crossbeam-deque v0.8.8
   Compiling typenum v1.20.1
   Compiling zmij v1.0.23
   Compiling prettyplease v0.3.0
   Compiling memchr v2.8.3
   Compiling getrandom v0.4.3
   Compiling tantivy-common v0.11.0 (/home/pronsh/Coding/playground/search/tantivy-pr2937/common)
   Compiling bitpacking v0.9.3
   Compiling darling_macro v0.24.1
   Compiling futures-macro v0.3.34
   Compiling futures-core v0.3.34
   Compiling linux-raw-sys v0.12.1
   Compiling serde_json v1.0.151
   Compiling erased-serde v0.4.10
   Compiling utf8-ranges v1.0.5
   Compiling rayon-core v1.13.0
   Compiling pin-project-lite v0.2.17
   Compiling bitflags v2.13.2
   Compiling rustversion v1.0.23
   Compiling slab v0.4.12
   Compiling crc32fast v1.5.2
   Compiling futures-task v0.3.34
   Compiling futures-util v0.3.34
   Compiling tantivy-fst v0.5.0
   Compiling darling v0.24.1
   Compiling tantivy-bitpacker v0.10.0 (/home/pronsh/Coding/playground/search/tantivy-pr2937/bitpacker)
   Compiling itertools v0.14.0
   Compiling foldhash v0.2.0
   Compiling minimal-lexical v0.2.1
   Compiling murmurhash32 v0.4.0
   Compiling thiserror v2.0.21
   Compiling itoa v1.0.18
   Compiling typetag v0.2.23
   Compiling once_cell v1.21.4
   Compiling tantivy-stacker v0.7.0 (/home/pronsh/Coding/playground/search/tantivy-pr2937/stacker)
   Compiling nom v7.1.3
   Compiling hashbrown v0.17.1
   Compiling bon-macros v3.10.2
   Compiling ordered-float v5.5.0
   Compiling crypto-common v0.1.7
   Compiling block-buffer v0.10.4
   Compiling regex-automata v0.4.18
   Compiling zstd v0.14.0
   Compiling tantivy-sstable v0.7.0 (/home/pronsh/Coding/playground/search/tantivy-pr2937/sstable)
   Compiling memmap2 v0.9.11
   Compiling thiserror-impl v2.0.21
   Compiling typetag-impl v0.2.23
   Compiling fastdivide v0.4.2
   Compiling downcast-rs v2.0.2
   Compiling fnv v1.0.7
   Compiling log v0.4.34
   Compiling fastrand v2.5.0
   Compiling inventory v0.3.24
   Compiling rustc-hash v2.1.3
   Compiling tempfile v3.27.0
   Compiling measure_time v0.9.0
   Compiling tantivy-query-grammar v0.26.0 (/home/pronsh/Coding/playground/search/tantivy-pr2937/query-grammar)
   Compiling tantivy-columnar v0.7.0 (/home/pronsh/Coding/playground/search/tantivy-pr2937/columnar)
   Compiling regex v1.13.1
   Compiling digest v0.10.7
   Compiling arc-swap v1.9.2
   Compiling rayon v1.12.0
   Compiling bon v3.10.2
   Compiling lru v0.18.5
   Compiling uuid v1.27.0
   Compiling fs4 v0.13.1
   Compiling aho-corasick v1.1.5
   Compiling crossbeam-channel v0.5.17
   Compiling tantivy-tokenizer-api v0.7.0 (/home/pronsh/Coding/playground/search/tantivy-pr2937/tokenizer-api)
   Compiling serde-tuple-vec-map v1.0.1
   Compiling sketches-ddsketch v0.4.1
   Compiling frostem v1.20260821.7
   Compiling datasketches v0.5.0
   Compiling htmlescape v0.3.1
   Compiling census v0.4.2
   Compiling levenshtein_automata v0.2.1
   Compiling lz4_flex v0.14.0
   Compiling base64 v0.23.1
   Compiling unicode-segmentation v1.13.3
   Compiling oneshot v0.1.13
   Compiling cpufeatures v0.2.17
   Compiling smallvec v1.16.2
   Compiling unwrap-infallible v1.0.0
   Compiling tantivy v0.27.0 (/home/pronsh/Coding/playground/search/tantivy-pr2937)
   Compiling lucene-rs v0.1.0 (/home/pronsh/Coding/playground/search/lucene-rs-idf-fix-oct06)
   Compiling sha2 v0.10.9
warning: method `phrase_count` is never used
   --> /home/pronsh/Coding/playground/search/tantivy-pr2937/src/query/phrase_query/phrase_scorer.rs:294:12
    |
153 | impl<TPostings: Postings> PhraseScorer<TPostings> {
    | ------------------------------------------------- method in this implementation
...
294 |     pub fn phrase_count(&self) -> u32 {
    |            ^^^^^^^^^^^^
    |
    = note: `#[warn(dead_code)]` (part of `#[warn(unused)]`) on by default

   Compiling balanced-search v0.0.0 (/home/pronsh/Coding/playground/search/bench/lucene-rs-balanced-oct06/harness)
warning: `tantivy` (lib) generated 1 warning
    Finished `release` profile [optimized] target(s) in 3m 00s
