    Checking libc v0.2.190
    Checking cfg-if v1.0.5
    Checking serde_core v1.0.229
    Checking zmij v1.0.23
    Checking memchr v2.8.3
    Checking itoa v1.0.18
    Checking memmap2 v0.9.11
    Checking serde_json v1.0.151
    Checking crc32fast v1.5.2
    Checking unicode-segmentation v1.13.3
    Checking rustc-hash v2.1.3
    Checking bitflags v2.13.2
    Checking lucene-rs v0.1.0 (/home/pronsh/Coding/playground/search/lucene-rs-idf-fix-oct06)
    Checking linux-raw-sys v0.12.1
    Checking rustix v1.1.5
    Checking getrandom v0.4.3
    Checking fastrand v2.5.0
    Checking once_cell v1.21.4
    Checking tempfile v3.27.0
error: ln(1 + x) can be computed more accurately
  --> src/sim.rs:76:5
   |
76 |     (1.0 + ((doc_count as i64 - doc_freq as i64) as f64 + 0.5) / (doc_freq as f64 + 0.5)).ln() as f32
   |     ^^^^^^^^^^^^^^^^^^^^^^^^^^^^^^^^^^^^^^^^^^^^^^^^^^^^^^^^^^^^^^^^^^^^^^^^^^^^^^^^^^^^^^^^^^ help: consider using: `(((doc_count as i64 - doc_freq as i64) as f64 + 0.5) / (doc_freq as f64 + 0.5)).ln_1p()`
   |
   = help: for further information visit https://rust-lang.github.io/rust-clippy/rust-1.99.0/index.html#imprecise_flops
   = note: `-D clippy::imprecise-flops` implied by `-D clippy::nursery`
   = help: to override `-D clippy::nursery` add `#[allow(clippy::imprecise_flops)]`

error: could not compile `lucene-rs` (lib) due to 1 previous error
warning: build failed, waiting for other jobs to finish...
