    Checking libc v0.2.189
    Checking cfg-if v1.0.5
    Checking serde_core v1.0.229
    Checking serde v1.0.229
   Compiling jobserver v0.1.35
   Compiling cc v1.5.1
    Checking zerocopy v0.8.59
    Checking memchr v2.8.3
    Checking bitflags v2.13.2
    Checking libm v0.2.16
    Checking ppv-lite86 v0.2.21
   Compiling zstd-sys v2.1.0+zstd.1.5.7
    Checking num-traits v0.2.19
    Checking crossbeam-utils v0.8.23
    Checking zmij v1.0.23
    Checking either v1.18.0
    Checking regex-syntax v0.8.11
    Checking itoa v1.0.18
    Checking once_cell v1.21.4
   Compiling num-conv v0.2.2
   Compiling time-core v0.1.9
    Checking futures-sink v0.3.34
    Checking futures-core v0.3.34
    Checking futures-channel v0.3.34
   Compiling time-macros v0.2.32
    Checking getrandom v0.3.4
    Checking serde_json v1.0.151
    Checking deranged v0.5.8
    Checking getrandom v0.2.17
    Checking byteorder v1.5.0
    Checking powerfmt v0.2.0
    Checking linux-raw-sys v0.12.1
    Checking futures-io v0.3.34
    Checking anstyle v1.0.14
    Checking futures-task v0.3.34
    Checking fnv v1.0.7
    Checking log v0.4.34
    Checking stable_deref_trait v1.2.1
    Checking slab v0.4.12
    Checking pin-project-lite v0.2.17
    Checking futures-util v0.3.34
    Checking ownedbytes v0.9.0 (/home/pronsh/Coding/playground/search/tantivy-or-maxscore-oct06/ownedbytes)
    Checking time v0.3.55
    Checking rustix v1.1.5
    Checking rand_core v0.6.4
    Checking rand_core v0.9.5
    Checking getrandom v0.4.3
    Checking crunchy v0.2.4
    Checking minimal-lexical v0.2.1
    Checking nom v7.1.3
    Checking tantivy-common v0.11.0 (/home/pronsh/Coding/playground/search/tantivy-or-maxscore-oct06/common)
    Checking bitpacking v0.9.3
    Checking rand_chacha v0.3.1
    Checking crossbeam-epoch v0.9.21
    Checking ordered-float v5.5.0
   Compiling alloca v0.4.0
    Checking fastrand v2.5.0
    Checking utf8parse v0.2.2
    Checking utf8-ranges v1.0.5
    Checking tantivy-fst v0.5.0
    Checking anstyle-parse v1.0.0
    Checking tempfile v3.27.0
    Checking thiserror v2.0.21
    Checking crossbeam-deque v0.8.8
    Checking rand v0.8.8
    Checking tantivy-bitpacker v0.10.0 (/home/pronsh/Coding/playground/search/tantivy-or-maxscore-oct06/bitpacker)
    Checking typeid v1.0.3
    Checking rand_chacha v0.9.0
    Checking regex-automata v0.4.18
    Checking itertools v0.14.0
   Compiling zstd-safe v8.0.0
    Checking zstd v0.14.0
    Checking half v2.7.1
    Checking is-terminal v0.4.17
    Checking anstyle-query v1.1.5
    Checking foldhash v0.2.0
    Checking murmurhash32 v0.4.0
    Checking is_terminal_polyfill v1.70.2
    Checking ciborium-io v0.2.2
    Checking colorchoice v1.0.5
    Checking clap_lex v1.1.1
    Checking anstream v1.0.0
    Checking clap_builder v4.6.7
    Checking ciborium-ll v0.2.2
    Checking hashbrown v0.17.1
    Checking tantivy-stacker v0.7.0 (/home/pronsh/Coding/playground/search/tantivy-or-maxscore-oct06/stacker)
    Checking yansi v1.0.1
    Checking tantivy-sstable v0.7.0 (/home/pronsh/Coding/playground/search/tantivy-or-maxscore-oct06/sstable)
    Checking regex v1.13.1
warning: this expression creates a reference which is immediately dereferenced by the compiler
   --> sstable/src/streamer.rs:328:36
    |
328 |                 .will_always_match(&self.states.first().unwrap()),
    |                                    ^^^^^^^^^^^^^^^^^^^^^^^^^^^^^ help: change this to: `self.states.first().unwrap()`
    |
    = help: for further information visit https://rust-lang.github.io/rust-clippy/rust-1.99.0/index.html#needless_borrow
    = note: `#[warn(clippy::needless_borrow)]` on by default

warning: `tantivy-sstable` (lib) generated 1 warning (run `cargo clippy --fix --lib -p tantivy-sstable -- ` to apply 1 suggestion)
    Checking rand v0.9.5
    Checking erased-serde v0.4.10
    Checking rayon-core v1.13.0
    Checking env_filter v2.0.0
    Checking itertools v0.13.0
    Checking raw-cpuid v11.6.0
    Checking perf-event-open-sys v6.0.0
    Checking wait-timeout v0.2.1
    Checking downcast-rs v2.0.2
    Checking quick-error v1.2.3
    Checking rustc-hash v2.1.3
    Checking inventory v0.3.24
    Checking cast v0.3.0
    Checking fastdivide v0.4.2
    Checking bit-vec v0.8.0
    Checking same-file v1.0.6
    Checking bit-set v0.8.0
    Checking walkdir v2.5.0
    Checking criterion-plot v0.8.2
    Checking tantivy-columnar v0.7.0 (/home/pronsh/Coding/playground/search/tantivy-or-maxscore-oct06/columnar)
    Checking typetag v0.2.23
    Checking rusty-fork v0.3.1
    Checking perf-event v0.4.9
    Checking miniserde v0.1.46
    Checking quanta v0.12.6
    Checking env_logger v0.11.11
    Checking rayon v1.12.0
    Checking arc-swap v1.9.2
    Checking bon v3.10.1
    Checking clap v4.6.7
    Checking crc32fast v1.5.2
    Checking lru v0.18.5
    Checking ciborium v0.2.2
    Checking bpu_trasher v0.2.0
    Checking cobs v0.3.0
    Checking tantivy-query-grammar v0.26.0 (/home/pronsh/Coding/playground/search/tantivy-or-maxscore-oct06/query-grammar)
    Checking tantivy-query-grammar v0.26.0
    Checking uuid v1.26.1
    Checking rand_xorshift v0.4.0
    Checking fs4 v0.13.1
    Checking futures-executor v0.3.34
    Checking measure_time v0.9.0
    Checking tinytemplate v1.2.1
    Checking crossbeam-channel v0.5.17
    Checking aho-corasick v1.1.5
    Checking tantivy-tokenizer-api v0.7.0 (/home/pronsh/Coding/playground/search/tantivy-or-maxscore-oct06/tokenizer-api)
    Checking sketches-ddsketch v0.4.1
    Checking serde-tuple-vec-map v1.0.1
    Checking memmap2 v0.9.11
    Checking page_size v0.6.0
    Checking levenshtein_automata v0.2.1
    Checking unarray v0.1.4
    Checking unwrap-infallible v1.0.0
    Checking frostem v1.20260821.7
    Checking datasketches v0.5.0
    Checking oorandom v11.1.5
    Checking htmlescape v0.3.1
    Checking oneshot v0.1.13
    Checking lz4_flex v0.14.0
    Checking diff v0.1.13
    Checking rustop v1.1.4
    Checking census v0.4.2
    Checking peakmem-alloc v0.3.0
    Checking smallvec v1.16.2
    Checking base64 v0.23.1
    Checking anes v0.1.6
    Checking unicode-width v0.1.14
    Checking criterion v0.8.2
    Checking binggan v0.17.0
    Checking pretty_assertions v1.4.1
    Checking proptest v1.11.0
    Checking futures v0.3.34
    Checking postcard v1.1.3
    Checking test-log v0.2.21
    Checking rand_distr v0.5.1
    Checking fail v0.5.1
    Checking maplit v1.0.2
    Checking more-asserts v0.3.1
    Checking matches v0.1.10
    Checking tantivy v0.27.0 (/home/pronsh/Coding/playground/search/tantivy-or-maxscore-oct06)
warning: unused import: `doc`
   --> src/postings/segment_postings.rs:498:17
    |
498 |     use crate::{doc, DocId, Index};
    |                 ^^^
    |
    = note: `#[warn(unused_imports)]` (part of `#[warn(unused)]`) on by default

warning: method `phrase_count` is never used
   --> src/query/phrase_query/phrase_scorer.rs:294:12
    |
153 | impl<TPostings: Postings> PhraseScorer<TPostings> {
    | ------------------------------------------------- method in this implementation
...
294 |     pub fn phrase_count(&self) -> u32 {
    |            ^^^^^^^^^^^^
    |
    = note: `#[warn(dead_code)]` (part of `#[warn(unused)]`) on by default

warning: manually reimplementing `div_ceil`
  --> src/postings/bitset_fill.rs:76:24
   |
76 |     let bytes_needed = ((bit_off + nbits + 7) / 8) as usize;
   |                        ^^^^^^^^^^^^^^^^^^^^^^^^^^^ help: consider using `.div_ceil()`: `(bit_off + nbits).div_ceil(8)`
   |
   = help: for further information visit https://rust-lang.github.io/rust-clippy/rust-1.99.0/index.html#manual_div_ceil
   = note: `#[warn(clippy::manual_div_ceil)]` on by default

warning: unnecessary closure used to substitute value for `Option::None`
   --> src/postings/segment_postings.rs:295:33
    |
295 | ...                   alternate_mask.get_or_insert_with(|| [TinySet::EMPTY; 64]);
    |                       ^^^^^^^^^^^^^^^^^^^^^^^^^^^^^^^^^^^^^^^^^^^^^^^^^^^^^^^^^^
    |
    = help: for further information visit https://rust-lang.github.io/rust-clippy/rust-1.99.0/index.html#unnecessary_lazy_evaluations
    = note: `#[warn(clippy::unnecessary_lazy_evaluations)]` on by default
help: use `get_or_insert` instead
    |
295 -                                 alternate_mask.get_or_insert_with(|| [TinySet::EMPTY; 64]);
295 +                                 alternate_mask.get_or_insert([TinySet::EMPTY; 64]);
    |

warning: this block may be rewritten with the `?` operator
   --> src/postings/segment_postings.rs:430:9
    |
430 | /         if self.position_reader.is_none() {
431 | |             return None;
432 | |         }
    | |_________^ help: replace it with: `self.position_reader.as_ref()?;`
    |
    = help: for further information visit https://rust-lang.github.io/rust-clippy/rust-1.99.0/index.html#question_mark
    = note: `#[warn(clippy::question_mark)]` on by default

warning: this function has too many arguments (8/7)
   --> src/postings/serializer.rs:179:5
    |
179 | /     fn create_with_average(
180 | |         index_record_option: IndexRecordOption,
181 | |         total_num_tokens: u64,
182 | |         term_dictionary_write: &'a mut CountingWriter<W>,
...   |
187 | |         selection: BlockMaxSelection,
188 | |     ) -> io::Result<FieldSerializer<'a, W>> {
    | |___________________________________________^
    |
    = help: for further information visit https://rust-lang.github.io/rust-clippy/rust-1.99.0/index.html#too_many_arguments
    = note: `#[warn(clippy::too_many_arguments)]` on by default

warning: manual `RangeInclusive::contains` implementation
  --> src/postings/skip.rs:50:9
   |
50 |         num_longs >= 1 && num_longs <= MAX_DENSE_LONGS,
   |         ^^^^^^^^^^^^^^^^^^^^^^^^^^^^^^^^^^^^^^^^^^^^^^ help: use: `(1..=MAX_DENSE_LONGS).contains(&num_longs)`
   |
   = help: for further information visit https://rust-lang.github.io/rust-clippy/rust-1.99.0/index.html#manual_range_contains
   = note: `#[warn(clippy::manual_range_contains)]` on by default

warning: this `if` statement can be collapsed
  --> src/query/boolean_query/block_wand_union.rs:56:13
   |
56 | /             if score + optional.max_score() > threshold && optional.doc() <= doc {
57 | |                 if optional.seek(doc) == doc {
58 | |                     score += optional.score();
59 | |                 }
60 | |             }
   | |_____________^
   |
   = help: for further information visit https://rust-lang.github.io/rust-clippy/rust-1.99.0/index.html#collapsible_if
   = note: `#[warn(clippy::collapsible_if)]` on by default
help: collapse nested if block
   |
56 ~             if score + optional.max_score() > threshold && optional.doc() <= doc
57 ~                 && optional.seek(doc) == doc {
58 |                     score += optional.score();
59 ~                 }
   |

warning: this function has too many arguments (8/7)
   --> src/query/phrase_query/phrase_scorer.rs:223:5
    |
223 | /     pub(crate) fn new_danger_with_repeat_groups(
224 | |         mut term_postings_with_offset: Vec<(usize, TPostings)>,
225 | |         similarity_weight_opt: Option<Bm25Weight>,
226 | |         fieldnorm_reader: FieldNormReader,
...   |
231 | |         repeat_groups: Vec<Vec<usize>>,
232 | |     ) -> (SeekDangerResult, PhraseScorer<TPostings>) {
    | |____________________________________________________^
    |
    = help: for further information visit https://rust-lang.github.io/rust-clippy/rust-1.99.0/index.html#too_many_arguments

warning: this lint expectation is unfulfilled
  --> src/query/phrase_prefix_query/phrase_prefix_scorer.rs:11:10
   |
11 | #[expect(clippy::large_enum_variant)]
   |          ^^^^^^^^^^^^^^^^^^^^^^^^^^
   |
   = note: `#[warn(unfulfilled_lint_expectations)]` on by default

warning: `tantivy` (lib) generated 9 warnings (run `cargo clippy --fix --lib -p tantivy -- ` to apply 5 suggestions)
warning: unnecessary use of `clone` to create a slice from a reference
   --> src/index/field_statistics.rs:338:55
    |
338 |         let native = Bm25Weight::for_terms(&searcher, &[term.clone()])?;
    |                                                       ^^^^^^^^^^^^^^^ help: try: `std::slice::from_ref(&term)`
    |
    = help: for further information visit https://rust-lang.github.io/rust-clippy/rust-1.99.0/index.html#cloned_ref_to_slice_refs
    = note: `#[warn(clippy::cloned_ref_to_slice_refs)]` on by default

warning: unnecessary use of `clone` to create a slice from a reference
   --> src/query/bm25.rs:930:55
    |
930 |         let weight = Bm25Weight::for_terms(&searcher, &[sparse_term.clone()])?;
    |                                                       ^^^^^^^^^^^^^^^^^^^^^^ help: try: `std::slice::from_ref(&sparse_term)`
    |
    = help: for further information visit https://rust-lang.github.io/rust-clippy/rust-1.99.0/index.html#cloned_ref_to_slice_refs

warning: float has excessive precision
   --> src/query/phrase_query/mod.rs:233:42
    |
233 |         assert_nearly_equals!(scores[0], 0.06577900);
    |                                          ^^^^^^^^^^
    |
    = help: for further information visit https://rust-lang.github.io/rust-clippy/rust-1.99.0/index.html#excessive_precision
    = note: `#[warn(clippy::excessive_precision)]` on by default
help: consider changing the type or truncating it to
    |
233 -         assert_nearly_equals!(scores[0], 0.06577900);
233 +         assert_nearly_equals!(scores[0], 0.065_779);
    |

warning: `tantivy` (lib test) generated 12 warnings (8 duplicates) (run `cargo clippy --fix --lib -p tantivy --tests -- ` to apply 4 suggestions)
    Finished `dev` profile [unoptimized + debuginfo] target(s) in 36.38s
