   Compiling libc v0.2.190
    Checking cfg-if v1.0.5
   Compiling zmij v1.0.23
   Compiling serde_core v1.0.229
   Compiling crc32fast v1.5.2
   Compiling serde_json v1.0.151
    Checking itoa v1.0.18
    Checking memchr v2.8.3
    Checking memmap2 v0.9.11
    Checking unicode-segmentation v1.13.3
    Checking rustc-hash v2.1.3
   Compiling rustix v1.1.5
   Compiling getrandom v0.4.3
    Checking linux-raw-sys v0.12.1
    Checking bitflags v2.13.2
    Checking lucene-rs v0.1.0 (/home/pronsh/Coding/playground/search/lucene-rs-comparator-fix-oct06)
    Checking fastrand v2.5.0
    Checking once_cell v1.21.4
    Checking tempfile v3.27.0
    Checking lucene-rs-bench v0.0.0 (/home/pronsh/Coding/playground/search/lucene-rs-comparator-fix-oct06/bench/rust)
    Finished `dev` profile [unoptimized + debuginfo] target(s) in 6.67s
