   Compiling libc v0.2.190
   Compiling serde_core v1.0.229
   Compiling zmij v1.0.23
   Compiling crc32fast v1.5.2
   Compiling serde_json v1.0.151
   Compiling cfg-if v1.0.5
   Compiling memchr v2.8.3
   Compiling itoa v1.0.18
   Compiling memmap2 v0.9.11
   Compiling unicode-segmentation v1.13.3
   Compiling rustc-hash v2.1.3
   Compiling getrandom v0.4.3
   Compiling rustix v1.1.5
   Compiling lucene-rs v0.1.0 (/home/pronsh/Coding/playground/search/lucene-rs-idf-fix-oct06)
   Compiling linux-raw-sys v0.12.1
   Compiling bitflags v2.13.2
   Compiling once_cell v1.21.4
   Compiling fastrand v2.5.0
   Compiling tempfile v3.27.0
   Compiling lucene-rs-bench v0.0.0 (/home/pronsh/Coding/playground/search/lucene-rs-idf-fix-oct06/bench/rust)
    Finished `release` profile [optimized + debuginfo] target(s) in 1m 06s
     Running unittests src/lib.rs (/home/pronsh/Coding/playground/search/bench/lucene-rs-upstream-idf-oct06/target/release/deps/lucene_rs-ea758540ad5bdb14)
     Running unittests src/bin/lucene-rs.rs (/home/pronsh/Coding/playground/search/bench/lucene-rs-upstream-idf-oct06/target/release/deps/lucene_rs-f277c6a8ec27e3e2)
     Running tests/index_lifecycle.rs (/home/pronsh/Coding/playground/search/bench/lucene-rs-upstream-idf-oct06/target/release/deps/index_lifecycle-ea438140b9ba9d65)
     Running tests/random_vs_reference.rs (/home/pronsh/Coding/playground/search/bench/lucene-rs-upstream-idf-oct06/target/release/deps/random_vs_reference-3f7d7f8c5be0073c)
     Running unittests src/lib.rs (/home/pronsh/Coding/playground/search/bench/lucene-rs-upstream-idf-oct06/target/release/deps/lucene_rs_bench-0be1e3746134e430)
     Running unittests src/bin/bench.rs (/home/pronsh/Coding/playground/search/bench/lucene-rs-upstream-idf-oct06/target/release/deps/bench-4e1bbea40744e53d)
     Running unittests src/bin/index.rs (/home/pronsh/Coding/playground/search/bench/lucene-rs-upstream-idf-oct06/target/release/deps/index-931fcef08514e437)
   Doc-tests lucene_rs
   Doc-tests lucene_rs_bench
